#
# There is insufficient memory for the Java Runtime Environment to continue.
# Native memory allocation (malloc) failed to allocate 1866736 bytes for Chunk::new
# Possible reasons:
#   The system is out of physical RAM or swap space
#   The process is running with CompressedOops enabled, and the Java Heap may be blocking the growth of the native heap
# Possible solutions:
#   Reduce memory load on the system
#   Increase physical memory or swap space
#   Check if swap backing store is full
#   Decrease Java heap size (-Xmx/-Xms)
#   Decrease number of Java threads
#   Decrease Java thread stack sizes (-Xss)
#   Set larger code cache with -XX:ReservedCodeCacheSize=
#   JVM is running with Unscaled Compressed Oops mode in which the Java heap is
#     placed in the first 4GB address space. The Java Heap base address is the
#     maximum limit for the native heap growth. Please use -XX:HeapBaseMinAddress
#     to set the Java Heap base and to place the Java Heap above 4GB virtual address.
# This output file may be truncated or incomplete.
#
#  Out of Memory Error (./src/hotspot/share/memory/arena.cpp:197), pid=25616, tid=26504
#
# JRE version: OpenJDK Runtime Environment (11.0.12+7) (build 11.0.12+7-b1504.28-7817840)
# Java VM: OpenJDK 64-Bit Server VM (11.0.12+7-b1504.28-7817840, mixed mode, tiered, compressed oops, g1 gc, windows-amd64)
# No core dump will be written. Minidumps are not enabled by default on client versions of Windows
#

---------------  S U M M A R Y ------------

Command Line: --add-opens=java.base/java.util=ALL-UNNAMED --add-opens=java.base/java.lang=ALL-UNNAMED --add-opens=java.base/java.lang.invoke=ALL-UNNAMED --add-opens=java.base/java.util=ALL-UNNAMED --add-opens=java.prefs/java.util.prefs=ALL-UNNAMED --add-opens=java.prefs/java.util.prefs=ALL-UNNAMED --add-opens=java.base/java.nio.charset=ALL-UNNAMED --add-opens=java.base/java.net=ALL-UNNAMED --add-opens=java.base/java.util.concurrent.atomic=ALL-UNNAMED -Xmx2048m -Dfile.encoding=UTF-8 -Duser.country=US -Duser.language=en -Duser.variant org.gradle.launcher.daemon.bootstrap.GradleDaemon 7.3.3

Host: 11th Gen Intel(R) Core(TM) i3-1125G4 @ 2.00GHz, 8 cores, 7G,  Windows 10 , 64 bit Build 26100 (10.0.26100.8328)
Time: Mon Jun 15 17:59:50 2026 Pacific Daylight Time elapsed time: 6.883623 seconds (0d 0h 0m 6s)

---------------  T H R E A D  ---------------

Current thread (0x000001a0f2787000):  JavaThread "C2 CompilerThread0" daemon [_thread_in_native, id=26504, stack(0x0000005b14400000,0x0000005b14500000)]


Current CompileTask:
C2:   6883 4611       4       java.lang.invoke.MethodType::makeImpl (108 bytes)

Stack: [0x0000005b14400000,0x0000005b14500000]
Native frames: (J=compiled Java code, j=interpreted, Vv=VM code, C=native code)
V  [jvm.dll+0x5fbcea]
V  [jvm.dll+0x731905]
V  [jvm.dll+0x732f1d]
V  [jvm.dll+0x7335d3]
V  [jvm.dll+0x247bf8]
V  [jvm.dll+0xc018c]
V  [jvm.dll+0xc06cc]
V  [jvm.dll+0x35b2db]
V  [jvm.dll+0x328803]
V  [jvm.dll+0x327cfa]
V  [jvm.dll+0x200602]
V  [jvm.dll+0x1ff794]
V  [jvm.dll+0x18868c]
V  [jvm.dll+0x20e0d7]
V  [jvm.dll+0x20c901]
V  [jvm.dll+0x6f9b7f]
V  [jvm.dll+0x6f26a5]
V  [jvm.dll+0x5fabf6]
C  [ucrtbase.dll+0x37b0]
C  [KERNEL32.DLL+0x2e957]
C  [ntdll.dll+0x427c]


---------------  P R O C E S S  ---------------

Threads class SMR info:
_java_thread_list=0x000001a0f7929990, length=117, elements={
0x000001a0d5a6f000, 0x000001a0f1f20000, 0x000001a0f1f22000, 0x000001a0f1f29800,
0x000001a0f1f2c800, 0x000001a0f2774800, 0x000001a0f2787000, 0x000001a0f2795000,
0x000001a0f27a1000, 0x000001a0f28f6000, 0x000001a0f28f8000, 0x000001a0f28f6800,
0x000001a0f28fa000, 0x000001a0f28f7800, 0x000001a0f28fa800, 0x000001a0f28fb800,
0x000001a0f28f9000, 0x000001a0f28fc800, 0x000001a0f5ac1000, 0x000001a0f5abf800,
0x000001a0f4c32000, 0x000001a0f5ac2000, 0x000001a0f5ac3000, 0x000001a0f5ac0800,
0x000001a0f5ac6000, 0x000001a0f5ac5800, 0x000001a0f5ac3800, 0x000001a0f5ac4800,
0x000001a0f5ac8800, 0x000001a0f5ac7800, 0x000001a0f5ac9800, 0x000001a0f5acc000,
0x000001a0f5acc800, 0x000001a0f5acd800, 0x000001a0f5acb000, 0x000001a0f5ace800,
0x000001a0f4be8000, 0x000001a0f4be5800, 0x000001a0f4be7000, 0x000001a0f4be8800,
0x000001a0f4be6000, 0x000001a0f4beb000, 0x000001a0f4bea800, 0x000001a0f4bec000,
0x000001a0f4be9800, 0x000001a0f4bee800, 0x000001a0f4bef000, 0x000001a0f4bec800,
0x000001a0f4bed800, 0x000001a0f4bf2800, 0x000001a0f4bf0000, 0x000001a0f4bf1800,
0x000001a0f4bf3000, 0x000001a0f4bf1000, 0x000001a0f4bf4000, 0x000001a0f849a000,
0x000001a0f849b000, 0x000001a0f849b800, 0x000001a0f8499000, 0x000001a0f849e000,
0x000001a0f849f000, 0x000001a0f849c800, 0x000001a0f849f800, 0x000001a0f849d800,
0x000001a0f84a3000, 0x000001a0f84a1800, 0x000001a0f84a0800, 0x000001a0f84a4800,
0x000001a0f84a2000, 0x000001a0f84a6800, 0x000001a0f84a5800, 0x000001a0f84a4000,
0x000001a0f84a8000, 0x000001a0f84a7000, 0x000001a0f809f800, 0x000001a0f809e800,
0x000001a0f809d000, 0x000001a0f80a0800, 0x000001a0f809e000, 0x000001a0f80a2800,
0x000001a0f80a3800, 0x000001a0f80a1000, 0x000001a0f80a4800, 0x000001a0f80a2000,
0x000001a0f80a7000, 0x000001a0f80a6000, 0x000001a0f80a7800, 0x000001a0f80a5000,
0x000001a0f80aa000, 0x000001a0f80ab000, 0x000001a0f80ab800, 0x000001a0f80a9800,
0x000001a0f80a8800, 0x000001a0f7f50000, 0x000001a0f7f50800, 0x000001a0f7f4e000,
0x000001a0f7f51800, 0x000001a0f7f4f000, 0x000001a0f7f53000, 0x000001a0f7f54000,
0x000001a0f7f54800, 0x000001a0f7f52800, 0x000001a0f7f58000, 0x000001a0f7f57000,
0x000001a0f7f55800, 0x000001a0f7f59000, 0x000001a0f7f56800, 0x000001a0f7f5b800,
0x000001a0f7f5c000, 0x000001a0f7f5a800, 0x000001a0f7f59800, 0x000001a0f7f5d000,
0x000001a0f7ff6000, 0x000001a0f7ff7000, 0x000001a0f7ff8800, 0x000001a0f7ff8000,
0x000001a0f7ffb000
}

Java Threads: ( => current thread )
  0x000001a0d5a6f000 JavaThread "main" [_thread_blocked, id=23844, stack(0x0000005b13800000,0x0000005b13900000)]
  0x000001a0f1f20000 JavaThread "Reference Handler" daemon [_thread_blocked, id=26576, stack(0x0000005b13f00000,0x0000005b14000000)]
  0x000001a0f1f22000 JavaThread "Finalizer" daemon [_thread_blocked, id=25428, stack(0x0000005b14000000,0x0000005b14100000)]
  0x000001a0f1f29800 JavaThread "Signal Dispatcher" daemon [_thread_blocked, id=23804, stack(0x0000005b14100000,0x0000005b14200000)]
  0x000001a0f1f2c800 JavaThread "Attach Listener" daemon [_thread_blocked, id=13752, stack(0x0000005b14200000,0x0000005b14300000)]
  0x000001a0f2774800 JavaThread "Service Thread" daemon [_thread_blocked, id=24988, stack(0x0000005b14300000,0x0000005b14400000)]
=>0x000001a0f2787000 JavaThread "C2 CompilerThread0" daemon [_thread_in_native, id=26504, stack(0x0000005b14400000,0x0000005b14500000)]
  0x000001a0f2795000 JavaThread "C1 CompilerThread0" daemon [_thread_blocked, id=26600, stack(0x0000005b14500000,0x0000005b14600000)]
  0x000001a0f27a1000 JavaThread "Sweeper thread" daemon [_thread_blocked, id=26388, stack(0x0000005b14600000,0x0000005b14700000)]
  0x000001a0f28f6000 JavaThread "Common-Cleaner" daemon [_thread_blocked, id=12688, stack(0x0000005b14700000,0x0000005b14800000)]
  0x000001a0f28f8000 JavaThread "Daemon health stats" [_thread_blocked, id=26528, stack(0x0000005b14b00000,0x0000005b14c00000)]
  0x000001a0f28f6800 JavaThread "Incoming local TCP Connector on port 53352" [_thread_in_native, id=25908, stack(0x0000005b14900000,0x0000005b14a00000)]
  0x000001a0f28fa000 JavaThread "Daemon periodic checks" [_thread_blocked, id=25608, stack(0x0000005b14c00000,0x0000005b14d00000)]
  0x000001a0f28f7800 JavaThread "Daemon" [_thread_blocked, id=25936, stack(0x0000005b14d00000,0x0000005b14e00000)]
  0x000001a0f28fa800 JavaThread "Handler for socket connection from /127.0.0.1:53352 to /127.0.0.1:53353" [_thread_in_native, id=25928, stack(0x0000005b14e00000,0x0000005b14f00000)]
  0x000001a0f28fb800 JavaThread "Cancel handler" [_thread_blocked, id=25868, stack(0x0000005b14f00000,0x0000005b15000000)]
  0x000001a0f28f9000 JavaThread "Daemon worker" [_thread_in_Java, id=25892, stack(0x0000005b15000000,0x0000005b15100000)]
  0x000001a0f28fc800 JavaThread "Asynchronous log dispatcher for DefaultDaemonConnection: socket connection from /127.0.0.1:53352 to /127.0.0.1:53353" [_thread_blocked, id=25764, stack(0x0000005b15100000,0x0000005b15200000)]
  0x000001a0f5ac1000 JavaThread "Stdin handler" [_thread_blocked, id=26524, stack(0x0000005b15200000,0x0000005b15300000)]
  0x000001a0f5abf800 JavaThread "Daemon client event forwarder" [_thread_blocked, id=24920, stack(0x0000005b15300000,0x0000005b15400000)]
  0x000001a0f4c32000 JavaThread "C2 CompilerThread1" daemon [_thread_in_native, id=23896, stack(0x0000005b15400000,0x0000005b15500000)]
  0x000001a0f5ac2000 JavaThread "Cache worker for journal cache (C:\Users\james\.gradle\caches\journal-1)" [_thread_blocked, id=13616, stack(0x0000005b15b00000,0x0000005b15c00000)]
  0x000001a0f5ac3000 JavaThread "File lock request listener" [_thread_in_native, id=25016, stack(0x0000005b15c00000,0x0000005b15d00000)]
  0x000001a0f5ac0800 JavaThread "Cache worker for file hash cache (C:\Users\james\.gradle\caches\7.3.3\fileHashes)" [_thread_in_Java, id=25256, stack(0x0000005b15d00000,0x0000005b15e00000)]
  0x000001a0f5ac6000 JavaThread "Cache worker for file hash cache (C:\Users\james\AndroidStudioProjects\TheStraylightRun\.gradle\7.3.3\fileHashes)" [_thread_blocked, id=25300, stack(0x0000005b15f00000,0x0000005b16000000)]
  0x000001a0f5ac5800 JavaThread "File watcher server" daemon [_thread_in_native, id=25644, stack(0x0000005b16000000,0x0000005b16100000)]
  0x000001a0f5ac3800 JavaThread "File watcher consumer" daemon [_thread_blocked, id=25620, stack(0x0000005b16100000,0x0000005b16200000)]
  0x000001a0f5ac4800 JavaThread "Cache worker for checksums cache (C:\Users\james\AndroidStudioProjects\TheStraylightRun\.gradle\7.3.3\checksums)" [_thread_blocked, id=25080, stack(0x0000005b16200000,0x0000005b16300000)]
  0x000001a0f5ac8800 JavaThread "Cache worker for cache directory md-supplier (C:\Users\james\.gradle\caches\7.3.3\md-supplier)" [_thread_blocked, id=24908, stack(0x0000005b16300000,0x0000005b16400000)]
  0x000001a0f5ac7800 JavaThread "Cache worker for cache directory md-rule (C:\Users\james\.gradle\caches\7.3.3\md-rule)" [_thread_blocked, id=17028, stack(0x0000005b16400000,0x0000005b16500000)]
  0x000001a0f5ac9800 JavaThread "Cache worker for execution history cache (C:\Users\james\.gradle\caches\7.3.3\executionHistory)" [_thread_blocked, id=8788, stack(0x0000005b16500000,0x0000005b16600000)]
  0x000001a0f5acc000 JavaThread "jar transforms" [_thread_blocked, id=5080, stack(0x0000005b16600000,0x0000005b16700000)]
  0x000001a0f5acc800 JavaThread "Cache worker for file content cache (C:\Users\james\.gradle\caches\7.3.3\fileContent)" [_thread_blocked, id=14328, stack(0x0000005b16700000,0x0000005b16800000)]
  0x000001a0f5acd800 JavaThread "jar transforms Thread 2" [_thread_blocked, id=25028, stack(0x0000005b16800000,0x0000005b16900000)]
  0x000001a0f5acb000 JavaThread "Cache worker for dependencies-accessors (C:\Users\james\AndroidStudioProjects\TheStraylightRun\.gradle\7.3.3\dependencies-accessors)" [_thread_blocked, id=26040, stack(0x0000005b16900000,0x0000005b16a00000)]
  0x000001a0f5ace800 JavaThread "jar transforms Thread 3" [_thread_blocked, id=25900, stack(0x0000005b16a00000,0x0000005b16b00000)]
  0x000001a0f4be8000 JavaThread "Cache worker for Build Output Cleanup Cache (C:\Users\james\AndroidStudioProjects\TheStraylightRun\.gradle\buildOutputCleanup)" [_thread_blocked, id=24700, stack(0x0000005b16b00000,0x0000005b16c00000)]
  0x000001a0f4be5800 JavaThread "Unconstrained build operations" [_thread_blocked, id=10512, stack(0x0000005b16c00000,0x0000005b16d00000)]
  0x000001a0f4be7000 JavaThread "Unconstrained build operations Thread 2" [_thread_blocked, id=17632, stack(0x0000005b16d00000,0x0000005b16e00000)]
  0x000001a0f4be8800 JavaThread "Unconstrained build operations Thread 3" [_thread_blocked, id=20616, stack(0x0000005b16e00000,0x0000005b16f00000)]
  0x000001a0f4be6000 JavaThread "Unconstrained build operations Thread 4" [_thread_blocked, id=21228, stack(0x0000005b16f00000,0x0000005b17000000)]
  0x000001a0f4beb000 JavaThread "Unconstrained build operations Thread 5" [_thread_blocked, id=21480, stack(0x0000005b17000000,0x0000005b17100000)]
  0x000001a0f4bea800 JavaThread "Unconstrained build operations Thread 6" [_thread_blocked, id=5576, stack(0x0000005b17100000,0x0000005b17200000)]
  0x000001a0f4bec000 JavaThread "Unconstrained build operations Thread 7" [_thread_blocked, id=24464, stack(0x0000005b17200000,0x0000005b17300000)]
  0x000001a0f4be9800 JavaThread "Unconstrained build operations Thread 8" [_thread_blocked, id=14028, stack(0x0000005b17300000,0x0000005b17400000)]
  0x000001a0f4bee800 JavaThread "Unconstrained build operations Thread 9" [_thread_blocked, id=2860, stack(0x0000005b17400000,0x0000005b17500000)]
  0x000001a0f4bef000 JavaThread "Unconstrained build operations Thread 10" [_thread_blocked, id=6964, stack(0x0000005b17500000,0x0000005b17600000)]
  0x000001a0f4bec800 JavaThread "Unconstrained build operations Thread 11" [_thread_blocked, id=22360, stack(0x0000005b17600000,0x0000005b17700000)]
  0x000001a0f4bed800 JavaThread "Unconstrained build operations Thread 12" [_thread_blocked, id=3508, stack(0x0000005b17700000,0x0000005b17800000)]
  0x000001a0f4bf2800 JavaThread "Unconstrained build operations Thread 13" [_thread_blocked, id=18484, stack(0x0000005b17800000,0x0000005b17900000)]
  0x000001a0f4bf0000 JavaThread "Unconstrained build operations Thread 14" [_thread_blocked, id=19920, stack(0x0000005b17900000,0x0000005b17a00000)]
  0x000001a0f4bf1800 JavaThread "Unconstrained build operations Thread 15" [_thread_blocked, id=21356, stack(0x0000005b17a00000,0x0000005b17b00000)]
  0x000001a0f4bf3000 JavaThread "Unconstrained build operations Thread 16" [_thread_blocked, id=16008, stack(0x0000005b17b00000,0x0000005b17c00000)]
  0x000001a0f4bf1000 JavaThread "Unconstrained build operations Thread 17" [_thread_blocked, id=3624, stack(0x0000005b17c00000,0x0000005b17d00000)]
  0x000001a0f4bf4000 JavaThread "Unconstrained build operations Thread 18" [_thread_blocked, id=16484, stack(0x0000005b17d00000,0x0000005b17e00000)]
  0x000001a0f849a000 JavaThread "Unconstrained build operations Thread 19" [_thread_blocked, id=10380, stack(0x0000005b17e00000,0x0000005b17f00000)]
  0x000001a0f849b000 JavaThread "Unconstrained build operations Thread 20" [_thread_blocked, id=18060, stack(0x0000005b17f00000,0x0000005b18000000)]
  0x000001a0f849b800 JavaThread "Unconstrained build operations Thread 21" [_thread_blocked, id=22324, stack(0x0000005b18000000,0x0000005b18100000)]
  0x000001a0f8499000 JavaThread "Unconstrained build operations Thread 22" [_thread_blocked, id=18876, stack(0x0000005b18100000,0x0000005b18200000)]
  0x000001a0f849e000 JavaThread "Unconstrained build operations Thread 23" [_thread_blocked, id=1116, stack(0x0000005b18200000,0x0000005b18300000)]
  0x000001a0f849f000 JavaThread "Unconstrained build operations Thread 24" [_thread_blocked, id=14244, stack(0x0000005b18300000,0x0000005b18400000)]
  0x000001a0f849c800 JavaThread "Unconstrained build operations Thread 25" [_thread_blocked, id=8188, stack(0x0000005b18400000,0x0000005b18500000)]
  0x000001a0f849f800 JavaThread "Unconstrained build operations Thread 26" [_thread_blocked, id=22420, stack(0x0000005b18500000,0x0000005b18600000)]
  0x000001a0f849d800 JavaThread "Unconstrained build operations Thread 27" [_thread_blocked, id=18984, stack(0x0000005b18600000,0x0000005b18700000)]
  0x000001a0f84a3000 JavaThread "Unconstrained build operations Thread 28" [_thread_blocked, id=3672, stack(0x0000005b18700000,0x0000005b18800000)]
  0x000001a0f84a1800 JavaThread "Unconstrained build operations Thread 29" [_thread_blocked, id=24648, stack(0x0000005b18800000,0x0000005b18900000)]
  0x000001a0f84a0800 JavaThread "Unconstrained build operations Thread 30" [_thread_blocked, id=16204, stack(0x0000005b18900000,0x0000005b18a00000)]
  0x000001a0f84a4800 JavaThread "Unconstrained build operations Thread 31" [_thread_blocked, id=24664, stack(0x0000005b18a00000,0x0000005b18b00000)]
  0x000001a0f84a2000 JavaThread "Unconstrained build operations Thread 32" [_thread_blocked, id=13260, stack(0x0000005b18b00000,0x0000005b18c00000)]
  0x000001a0f84a6800 JavaThread "Unconstrained build operations Thread 33" [_thread_blocked, id=24668, stack(0x0000005b18c00000,0x0000005b18d00000)]
  0x000001a0f84a5800 JavaThread "Unconstrained build operations Thread 34" [_thread_blocked, id=24824, stack(0x0000005b18d00000,0x0000005b18e00000)]
  0x000001a0f84a4000 JavaThread "Unconstrained build operations Thread 35" [_thread_blocked, id=4956, stack(0x0000005b18e00000,0x0000005b18f00000)]
  0x000001a0f84a8000 JavaThread "Unconstrained build operations Thread 36" [_thread_blocked, id=24676, stack(0x0000005b18f00000,0x0000005b19000000)]
  0x000001a0f84a7000 JavaThread "Unconstrained build operations Thread 37" [_thread_blocked, id=24672, stack(0x0000005b19000000,0x0000005b19100000)]
  0x000001a0f809f800 JavaThread "Unconstrained build operations Thread 38" [_thread_blocked, id=25540, stack(0x0000005b19100000,0x0000005b19200000)]
  0x000001a0f809e800 JavaThread "Unconstrained build operations Thread 39" [_thread_blocked, id=25056, stack(0x0000005b19200000,0x0000005b19300000)]
  0x000001a0f809d000 JavaThread "Unconstrained build operations Thread 40" [_thread_blocked, id=25216, stack(0x0000005b19300000,0x0000005b19400000)]
  0x000001a0f80a0800 JavaThread "Unconstrained build operations Thread 41" [_thread_blocked, id=25076, stack(0x0000005b19400000,0x0000005b19500000)]
  0x000001a0f809e000 JavaThread "Unconstrained build operations Thread 42" [_thread_blocked, id=25232, stack(0x0000005b19500000,0x0000005b19600000)]
  0x000001a0f80a2800 JavaThread "Unconstrained build operations Thread 43" [_thread_blocked, id=23740, stack(0x0000005b19600000,0x0000005b19700000)]
  0x000001a0f80a3800 JavaThread "Unconstrained build operations Thread 44" [_thread_blocked, id=25212, stack(0x0000005b19700000,0x0000005b19800000)]
  0x000001a0f80a1000 JavaThread "Unconstrained build operations Thread 45" [_thread_blocked, id=25240, stack(0x0000005b19800000,0x0000005b19900000)]
  0x000001a0f80a4800 JavaThread "Unconstrained build operations Thread 46" [_thread_blocked, id=21416, stack(0x0000005b19900000,0x0000005b19a00000)]
  0x000001a0f80a2000 JavaThread "Unconstrained build operations Thread 47" [_thread_blocked, id=24524, stack(0x0000005b19a00000,0x0000005b19b00000)]
  0x000001a0f80a7000 JavaThread "Unconstrained build operations Thread 48" [_thread_blocked, id=23600, stack(0x0000005b19b00000,0x0000005b19c00000)]
  0x000001a0f80a6000 JavaThread "Unconstrained build operations Thread 49" [_thread_blocked, id=24424, stack(0x0000005b19c00000,0x0000005b19d00000)]
  0x000001a0f80a7800 JavaThread "Unconstrained build operations Thread 50" [_thread_blocked, id=25684, stack(0x0000005b19d00000,0x0000005b19e00000)]
  0x000001a0f80a5000 JavaThread "Unconstrained build operations Thread 51" [_thread_blocked, id=25356, stack(0x0000005b19e00000,0x0000005b19f00000)]
  0x000001a0f80aa000 JavaThread "Unconstrained build operations Thread 52" [_thread_blocked, id=15648, stack(0x0000005b19f00000,0x0000005b1a000000)]
  0x000001a0f80ab000 JavaThread "Unconstrained build operations Thread 53" [_thread_blocked, id=25072, stack(0x0000005b1a000000,0x0000005b1a100000)]
  0x000001a0f80ab800 JavaThread "Unconstrained build operations Thread 54" [_thread_blocked, id=25236, stack(0x0000005b1a100000,0x0000005b1a200000)]
  0x000001a0f80a9800 JavaThread "Unconstrained build operations Thread 55" [_thread_blocked, id=25060, stack(0x0000005b1a200000,0x0000005b1a300000)]
  0x000001a0f80a8800 JavaThread "Unconstrained build operations Thread 56" [_thread_blocked, id=24596, stack(0x0000005b1a300000,0x0000005b1a400000)]
  0x000001a0f7f50000 JavaThread "Unconstrained build operations Thread 57" [_thread_blocked, id=25064, stack(0x0000005b1a400000,0x0000005b1a500000)]
  0x000001a0f7f50800 JavaThread "Unconstrained build operations Thread 58" [_thread_blocked, id=23808, stack(0x0000005b1a500000,0x0000005b1a600000)]
  0x000001a0f7f4e000 JavaThread "Unconstrained build operations Thread 59" [_thread_blocked, id=25396, stack(0x0000005b1a600000,0x0000005b1a700000)]
  0x000001a0f7f51800 JavaThread "Unconstrained build operations Thread 60" [_thread_blocked, id=19264, stack(0x0000005b1a700000,0x0000005b1a800000)]
  0x000001a0f7f4f000 JavaThread "Unconstrained build operations Thread 61" [_thread_blocked, id=22384, stack(0x0000005b1a800000,0x0000005b1a900000)]
  0x000001a0f7f53000 JavaThread "Unconstrained build operations Thread 62" [_thread_blocked, id=20124, stack(0x0000005b1a900000,0x0000005b1aa00000)]
  0x000001a0f7f54000 JavaThread "Unconstrained build operations Thread 63" [_thread_blocked, id=12804, stack(0x0000005b1aa00000,0x0000005b1ab00000)]
  0x000001a0f7f54800 JavaThread "Unconstrained build operations Thread 64" [_thread_blocked, id=7244, stack(0x0000005b1ab00000,0x0000005b1ac00000)]
  0x000001a0f7f52800 JavaThread "Unconstrained build operations Thread 65" [_thread_blocked, id=16772, stack(0x0000005b1ac00000,0x0000005b1ad00000)]
  0x000001a0f7f58000 JavaThread "Unconstrained build operations Thread 66" [_thread_blocked, id=12692, stack(0x0000005b1ad00000,0x0000005b1ae00000)]
  0x000001a0f7f57000 JavaThread "Unconstrained build operations Thread 67" [_thread_blocked, id=8536, stack(0x0000005b1ae00000,0x0000005b1af00000)]
  0x000001a0f7f55800 JavaThread "Unconstrained build operations Thread 68" [_thread_blocked, id=20484, stack(0x0000005b1af00000,0x0000005b1b000000)]
  0x000001a0f7f59000 JavaThread "Unconstrained build operations Thread 69" [_thread_blocked, id=14560, stack(0x0000005b1b000000,0x0000005b1b100000)]
  0x000001a0f7f56800 JavaThread "Unconstrained build operations Thread 70" [_thread_blocked, id=22096, stack(0x0000005b1b100000,0x0000005b1b200000)]
  0x000001a0f7f5b800 JavaThread "Unconstrained build operations Thread 71" [_thread_blocked, id=20028, stack(0x0000005b1b200000,0x0000005b1b300000)]
  0x000001a0f7f5c000 JavaThread "Unconstrained build operations Thread 72" [_thread_blocked, id=3224, stack(0x0000005b1b300000,0x0000005b1b400000)]
  0x000001a0f7f5a800 JavaThread "Unconstrained build operations Thread 73" [_thread_blocked, id=24928, stack(0x0000005b1b400000,0x0000005b1b500000)]
  0x000001a0f7f59800 JavaThread "Unconstrained build operations Thread 74" [_thread_blocked, id=25392, stack(0x0000005b1b500000,0x0000005b1b600000)]
  0x000001a0f7f5d000 JavaThread "Unconstrained build operations Thread 75" [_thread_blocked, id=24536, stack(0x0000005b1b600000,0x0000005b1b700000)]
  0x000001a0f7ff6000 JavaThread "Unconstrained build operations Thread 76" [_thread_blocked, id=25660, stack(0x0000005b1b700000,0x0000005b1b800000)]
  0x000001a0f7ff7000 JavaThread "Unconstrained build operations Thread 77" [_thread_blocked, id=25664, stack(0x0000005b1b800000,0x0000005b1b900000)]
  0x000001a0f7ff8800 JavaThread "Unconstrained build operations Thread 78" [_thread_blocked, id=25332, stack(0x0000005b1b900000,0x0000005b1ba00000)]
  0x000001a0f7ff8000 JavaThread "Unconstrained build operations Thread 79" [_thread_blocked, id=7560, stack(0x0000005b1ba00000,0x0000005b1bb00000)]
  0x000001a0f7ffb000 JavaThread "Unconstrained build operations Thread 80" [_thread_blocked, id=25200, stack(0x0000005b1bb00000,0x0000005b1bc00000)]

Other Threads:
  0x000001a0f1f0a800 VMThread "VM Thread" [stack: 0x0000005b13e00000,0x0000005b13f00000] [id=24492]
  0x000001a0f293c000 WatcherThread [stack: 0x0000005b14800000,0x0000005b14900000] [id=12592]
  0x000001a0d5a8a000 GCTaskThread "GC Thread#0" [stack: 0x0000005b13900000,0x0000005b13a00000] [id=25032]
  0x000001a0f3608800 GCTaskThread "GC Thread#1" [stack: 0x0000005b14a00000,0x0000005b14b00000] [id=23928]
  0x000001a0f5c89000 GCTaskThread "GC Thread#2" [stack: 0x0000005b15500000,0x0000005b15600000] [id=24016]
  0x000001a0f5c61800 GCTaskThread "GC Thread#3" [stack: 0x0000005b15600000,0x0000005b15700000] [id=23840]
  0x000001a0f5c62000 GCTaskThread "GC Thread#4" [stack: 0x0000005b15700000,0x0000005b15800000] [id=25528]
  0x000001a0f53e4000 GCTaskThread "GC Thread#5" [stack: 0x0000005b15800000,0x0000005b15900000] [id=25336]
  0x000001a0f53e5000 GCTaskThread "GC Thread#6" [stack: 0x0000005b15900000,0x0000005b15a00000] [id=2488]
  0x000001a0f5322800 GCTaskThread "GC Thread#7" [stack: 0x0000005b15a00000,0x0000005b15b00000] [id=24616]
  0x000001a0d5ac0000 ConcurrentGCThread "G1 Main Marker" [stack: 0x0000005b13a00000,0x0000005b13b00000] [id=26604]
  0x000001a0d5ac7800 ConcurrentGCThread "G1 Conc#0" [stack: 0x0000005b13b00000,0x0000005b13c00000] [id=9196]
  0x000001a0f4ee5000 ConcurrentGCThread "G1 Conc#1" [stack: 0x0000005b15e00000,0x0000005b15f00000] [id=25596]
  0x000001a0d5ac1800 ConcurrentGCThread "G1 Refine#0" [stack: 0x0000005b13c00000,0x0000005b13d00000] [id=25040]
  0x000001a0d5b3e800 ConcurrentGCThread "G1 Young RemSet Sampling" [stack: 0x0000005b13d00000,0x0000005b13e00000] [id=26584]

Threads with active compile tasks:
C2 CompilerThread0   6909 4611       4       java.lang.invoke.MethodType::makeImpl (108 bytes)
C1 CompilerThread0   6909 4874   !   3       com.google.common.cache.LocalCache$Segment::runLockedCleanup (39 bytes)
C2 CompilerThread1   6909 4841   !   4       sun.nio.fs.WindowsPath::initOffsets (153 bytes)

VM state:not at safepoint (normal execution)

VM Mutex/Monitor currently owned by a thread: None

Heap address: 0x0000000080000000, size: 2048 MB, Compressed Oops mode: 32-bit
Narrow klass base: 0x0000000000000000, Narrow klass shift: 3
Compressed class space size: 1073741824 Address: 0x0000000100000000

Heap:
 garbage-first heap   total 152576K, used 75810K [0x0000000080000000, 0x0000000100000000)
  region size 1024K, 49 young (50176K), 3 survivors (3072K)
 Metaspace       used 48061K, capacity 49315K, committed 49488K, reserved 1091584K
  class space    used 6188K, capacity 6672K, committed 6736K, reserved 1048576K
Heap Regions: E=young(eden), S=young(survivor), O=old, HS=humongous(starts), HC=humongous(continues), CS=collection set, F=free, A=archive, TAMS=top-at-mark-start (previous, next)
|   0|0x0000000080000000, 0x0000000080100000, 0x0000000080100000|100%| O|  |TAMS 0x0000000080100000, 0x0000000080000000| Untracked 
|   1|0x0000000080100000, 0x0000000080200000, 0x0000000080200000|100%| O|  |TAMS 0x0000000080200000, 0x0000000080100000| Untracked 
|   2|0x0000000080200000, 0x0000000080300000, 0x0000000080300000|100%| O|  |TAMS 0x0000000080300000, 0x0000000080200000| Untracked 
|   3|0x0000000080300000, 0x0000000080400000, 0x0000000080400000|100%|HS|  |TAMS 0x0000000080400000, 0x0000000080300000| Complete 
|   4|0x0000000080400000, 0x0000000080500000, 0x0000000080500000|100%|HC|  |TAMS 0x0000000080500000, 0x0000000080400000| Complete 
|   5|0x0000000080500000, 0x0000000080600000, 0x0000000080600000|100%|HC|  |TAMS 0x0000000080600000, 0x0000000080500000| Complete 
|   6|0x0000000080600000, 0x0000000080700000, 0x0000000080700000|100%| O|  |TAMS 0x0000000080700000, 0x0000000080600000| Untracked 
|   7|0x0000000080700000, 0x0000000080800000, 0x0000000080800000|100%| O|  |TAMS 0x0000000080800000, 0x0000000080700000| Untracked 
|   8|0x0000000080800000, 0x0000000080900000, 0x0000000080900000|100%| O|  |TAMS 0x0000000080900000, 0x0000000080800000| Untracked 
|   9|0x0000000080900000, 0x0000000080a00000, 0x0000000080a00000|100%| O|  |TAMS 0x0000000080a00000, 0x0000000080900000| Untracked 
|  10|0x0000000080a00000, 0x0000000080b00000, 0x0000000080b00000|100%| O|  |TAMS 0x0000000080b00000, 0x0000000080a00000| Untracked 
|  11|0x0000000080b00000, 0x0000000080c00000, 0x0000000080c00000|100%| O|  |TAMS 0x0000000080c00000, 0x0000000080b00000| Untracked 
|  12|0x0000000080c00000, 0x0000000080d00000, 0x0000000080d00000|100%| O|  |TAMS 0x0000000080d00000, 0x0000000080c00000| Untracked 
|  13|0x0000000080d00000, 0x0000000080e00000, 0x0000000080e00000|100%| O|  |TAMS 0x0000000080e00000, 0x0000000080d00000| Untracked 
|  14|0x0000000080e00000, 0x0000000080f00000, 0x0000000080f00000|100%| O|  |TAMS 0x0000000080f00000, 0x0000000080e00000| Untracked 
|  15|0x0000000080f00000, 0x0000000081000000, 0x0000000081000000|100%| O|  |TAMS 0x0000000080f56400, 0x0000000080f00000| Untracked 
|  16|0x0000000081000000, 0x0000000081000000, 0x0000000081100000|  0%| F|  |TAMS 0x0000000081000000, 0x0000000081000000| Untracked 
|  17|0x0000000081100000, 0x0000000081200000, 0x0000000081200000|100%| O|  |TAMS 0x0000000081100000, 0x0000000081100000| Untracked 
|  18|0x0000000081200000, 0x0000000081300000, 0x0000000081300000|100%| O|  |TAMS 0x0000000081200000, 0x0000000081200000| Untracked 
|  19|0x0000000081300000, 0x0000000081400000, 0x0000000081400000|100%| O|  |TAMS 0x0000000081300000, 0x0000000081300000| Untracked 
|  20|0x0000000081400000, 0x0000000081500000, 0x0000000081500000|100%| O|  |TAMS 0x0000000081400000, 0x0000000081400000| Untracked 
|  21|0x0000000081500000, 0x0000000081600000, 0x0000000081600000|100%| O|  |TAMS 0x0000000081500000, 0x0000000081500000| Untracked 
|  22|0x0000000081600000, 0x0000000081700000, 0x0000000081700000|100%| O|  |TAMS 0x0000000081600000, 0x0000000081600000| Untracked 
|  23|0x0000000081700000, 0x0000000081800000, 0x0000000081800000|100%| O|  |TAMS 0x0000000081700000, 0x0000000081700000| Untracked 
|  24|0x0000000081800000, 0x0000000081900000, 0x0000000081900000|100%| O|  |TAMS 0x0000000081800000, 0x0000000081800000| Untracked 
|  25|0x0000000081900000, 0x0000000081a00000, 0x0000000081a00000|100%| O|  |TAMS 0x0000000081900000, 0x0000000081900000| Untracked 
|  26|0x0000000081a00000, 0x0000000081b00000, 0x0000000081b00000|100%| O|  |TAMS 0x0000000081a00000, 0x0000000081a00000| Untracked 
|  27|0x0000000081b00000, 0x0000000081b29400, 0x0000000081c00000| 16%| O|  |TAMS 0x0000000081b00000, 0x0000000081b00000| Untracked 
|  28|0x0000000081c00000, 0x0000000081c00000, 0x0000000081d00000|  0%| F|  |TAMS 0x0000000081c00000, 0x0000000081c00000| Untracked 
|  29|0x0000000081d00000, 0x0000000081d00000, 0x0000000081e00000|  0%| F|  |TAMS 0x0000000081d00000, 0x0000000081d00000| Untracked 
|  30|0x0000000081e00000, 0x0000000081e00000, 0x0000000081f00000|  0%| F|  |TAMS 0x0000000081e00000, 0x0000000081e00000| Untracked 
|  31|0x0000000081f00000, 0x0000000081f00000, 0x0000000082000000|  0%| F|  |TAMS 0x0000000081f00000, 0x0000000081f00000| Untracked 
|  32|0x0000000082000000, 0x0000000082000000, 0x0000000082100000|  0%| F|  |TAMS 0x0000000082000000, 0x0000000082000000| Untracked 
|  33|0x0000000082100000, 0x0000000082100000, 0x0000000082200000|  0%| F|  |TAMS 0x0000000082100000, 0x0000000082100000| Untracked 
|  34|0x0000000082200000, 0x0000000082200000, 0x0000000082300000|  0%| F|  |TAMS 0x0000000082200000, 0x0000000082200000| Untracked 
|  35|0x0000000082300000, 0x0000000082300000, 0x0000000082400000|  0%| F|  |TAMS 0x0000000082300000, 0x0000000082300000| Untracked 
|  36|0x0000000082400000, 0x0000000082400000, 0x0000000082500000|  0%| F|  |TAMS 0x0000000082400000, 0x0000000082400000| Untracked 
|  37|0x0000000082500000, 0x0000000082500000, 0x0000000082600000|  0%| F|  |TAMS 0x0000000082500000, 0x0000000082500000| Untracked 
|  38|0x0000000082600000, 0x0000000082600000, 0x0000000082700000|  0%| F|  |TAMS 0x0000000082600000, 0x0000000082600000| Untracked 
|  39|0x0000000082700000, 0x0000000082700000, 0x0000000082800000|  0%| F|  |TAMS 0x0000000082700000, 0x0000000082700000| Untracked 
|  40|0x0000000082800000, 0x0000000082800000, 0x0000000082900000|  0%| F|  |TAMS 0x0000000082800000, 0x0000000082800000| Untracked 
|  41|0x0000000082900000, 0x0000000082900000, 0x0000000082a00000|  0%| F|  |TAMS 0x0000000082900000, 0x0000000082900000| Untracked 
|  42|0x0000000082a00000, 0x0000000082a00000, 0x0000000082b00000|  0%| F|  |TAMS 0x0000000082a00000, 0x0000000082a00000| Untracked 
|  43|0x0000000082b00000, 0x0000000082b00000, 0x0000000082c00000|  0%| F|  |TAMS 0x0000000082b00000, 0x0000000082b00000| Untracked 
|  44|0x0000000082c00000, 0x0000000082c00000, 0x0000000082d00000|  0%| F|  |TAMS 0x0000000082c00000, 0x0000000082c00000| Untracked 
|  45|0x0000000082d00000, 0x0000000082d00000, 0x0000000082e00000|  0%| F|  |TAMS 0x0000000082d00000, 0x0000000082d00000| Untracked 
|  46|0x0000000082e00000, 0x0000000082e00000, 0x0000000082f00000|  0%| F|  |TAMS 0x0000000082e00000, 0x0000000082e00000| Untracked 
|  47|0x0000000082f00000, 0x0000000082f00000, 0x0000000083000000|  0%| F|  |TAMS 0x0000000082f00000, 0x0000000082f00000| Untracked 
|  48|0x0000000083000000, 0x0000000083000000, 0x0000000083100000|  0%| F|  |TAMS 0x0000000083000000, 0x0000000083000000| Untracked 
|  49|0x0000000083100000, 0x0000000083100000, 0x0000000083200000|  0%| F|  |TAMS 0x0000000083100000, 0x0000000083100000| Untracked 
|  50|0x0000000083200000, 0x0000000083200000, 0x0000000083300000|  0%| F|  |TAMS 0x0000000083200000, 0x0000000083200000| Untracked 
|  51|0x0000000083300000, 0x0000000083300000, 0x0000000083400000|  0%| F|  |TAMS 0x0000000083300000, 0x0000000083300000| Untracked 
|  52|0x0000000083400000, 0x0000000083400000, 0x0000000083500000|  0%| F|  |TAMS 0x0000000083400000, 0x0000000083400000| Untracked 
|  53|0x0000000083500000, 0x0000000083500000, 0x0000000083600000|  0%| F|  |TAMS 0x0000000083500000, 0x0000000083500000| Untracked 
|  54|0x0000000083600000, 0x0000000083600000, 0x0000000083700000|  0%| F|  |TAMS 0x0000000083600000, 0x0000000083600000| Untracked 
|  55|0x0000000083700000, 0x0000000083700000, 0x0000000083800000|  0%| F|  |TAMS 0x0000000083700000, 0x0000000083700000| Untracked 
|  56|0x0000000083800000, 0x0000000083800000, 0x0000000083900000|  0%| F|  |TAMS 0x0000000083800000, 0x0000000083800000| Untracked 
|  57|0x0000000083900000, 0x0000000083900000, 0x0000000083a00000|  0%| F|  |TAMS 0x0000000083900000, 0x0000000083900000| Untracked 
|  58|0x0000000083a00000, 0x0000000083adf4d0, 0x0000000083b00000| 87%| S|CS|TAMS 0x0000000083a00000, 0x0000000083a00000| Complete 
|  59|0x0000000083b00000, 0x0000000083c00000, 0x0000000083c00000|100%| S|CS|TAMS 0x0000000083b00000, 0x0000000083b00000| Complete 
|  60|0x0000000083c00000, 0x0000000083d00000, 0x0000000083d00000|100%| S|CS|TAMS 0x0000000083c00000, 0x0000000083c00000| Complete 
|  61|0x0000000083d00000, 0x0000000083d00000, 0x0000000083e00000|  0%| F|  |TAMS 0x0000000083d00000, 0x0000000083d00000| Untracked 
|  62|0x0000000083e00000, 0x0000000083e00000, 0x0000000083f00000|  0%| F|  |TAMS 0x0000000083e00000, 0x0000000083e00000| Untracked 
|  63|0x0000000083f00000, 0x0000000083f00000, 0x0000000084000000|  0%| F|  |TAMS 0x0000000083f00000, 0x0000000083f00000| Untracked 
|  64|0x0000000084000000, 0x0000000084000000, 0x0000000084100000|  0%| F|  |TAMS 0x0000000084000000, 0x0000000084000000| Untracked 
|  65|0x0000000084100000, 0x0000000084100000, 0x0000000084200000|  0%| F|  |TAMS 0x0000000084100000, 0x0000000084100000| Untracked 
|  66|0x0000000084200000, 0x0000000084200000, 0x0000000084300000|  0%| F|  |TAMS 0x0000000084200000, 0x0000000084200000| Untracked 
|  67|0x0000000084300000, 0x0000000084300000, 0x0000000084400000|  0%| F|  |TAMS 0x0000000084300000, 0x0000000084300000| Untracked 
|  68|0x0000000084400000, 0x0000000084400000, 0x0000000084500000|  0%| F|  |TAMS 0x0000000084400000, 0x0000000084400000| Untracked 
|  69|0x0000000084500000, 0x0000000084500000, 0x0000000084600000|  0%| F|  |TAMS 0x0000000084500000, 0x0000000084500000| Untracked 
|  70|0x0000000084600000, 0x0000000084600000, 0x0000000084700000|  0%| F|  |TAMS 0x0000000084600000, 0x0000000084600000| Untracked 
|  71|0x0000000084700000, 0x0000000084700000, 0x0000000084800000|  0%| F|  |TAMS 0x0000000084700000, 0x0000000084700000| Untracked 
|  72|0x0000000084800000, 0x0000000084800000, 0x0000000084900000|  0%| F|  |TAMS 0x0000000084800000, 0x0000000084800000| Untracked 
|  73|0x0000000084900000, 0x0000000084900000, 0x0000000084a00000|  0%| F|  |TAMS 0x0000000084900000, 0x0000000084900000| Untracked 
|  74|0x0000000084a00000, 0x0000000084a00000, 0x0000000084b00000|  0%| F|  |TAMS 0x0000000084a00000, 0x0000000084a00000| Untracked 
|  75|0x0000000084b00000, 0x0000000084b00000, 0x0000000084c00000|  0%| F|  |TAMS 0x0000000084b00000, 0x0000000084b00000| Untracked 
|  76|0x0000000084c00000, 0x0000000084c00000, 0x0000000084d00000|  0%| F|  |TAMS 0x0000000084c00000, 0x0000000084c00000| Untracked 
|  77|0x0000000084d00000, 0x0000000084d00000, 0x0000000084e00000|  0%| F|  |TAMS 0x0000000084d00000, 0x0000000084d00000| Untracked 
|  78|0x0000000084e00000, 0x0000000084e00000, 0x0000000084f00000|  0%| F|  |TAMS 0x0000000084e00000, 0x0000000084e00000| Untracked 
|  79|0x0000000084f00000, 0x0000000084f00000, 0x0000000085000000|  0%| F|  |TAMS 0x0000000084f00000, 0x0000000084f00000| Untracked 
|  80|0x0000000085000000, 0x0000000085000000, 0x0000000085100000|  0%| F|  |TAMS 0x0000000085000000, 0x0000000085000000| Untracked 
|  81|0x0000000085100000, 0x0000000085100000, 0x0000000085200000|  0%| F|  |TAMS 0x0000000085100000, 0x0000000085100000| Untracked 
|  82|0x0000000085200000, 0x0000000085200000, 0x0000000085300000|  0%| F|  |TAMS 0x0000000085200000, 0x0000000085200000| Untracked 
|  83|0x0000000085300000, 0x0000000085300000, 0x0000000085400000|  0%| F|  |TAMS 0x0000000085300000, 0x0000000085300000| Untracked 
|  84|0x0000000085400000, 0x0000000085400000, 0x0000000085500000|  0%| F|  |TAMS 0x0000000085400000, 0x0000000085400000| Untracked 
|  85|0x0000000085500000, 0x0000000085500000, 0x0000000085600000|  0%| F|  |TAMS 0x0000000085500000, 0x0000000085500000| Untracked 
|  86|0x0000000085600000, 0x0000000085600000, 0x0000000085700000|  0%| F|  |TAMS 0x0000000085600000, 0x0000000085600000| Untracked 
|  87|0x0000000085700000, 0x0000000085700000, 0x0000000085800000|  0%| F|  |TAMS 0x0000000085700000, 0x0000000085700000| Untracked 
|  88|0x0000000085800000, 0x0000000085800000, 0x0000000085900000|  0%| F|  |TAMS 0x0000000085800000, 0x0000000085800000| Untracked 
|  89|0x0000000085900000, 0x0000000085900000, 0x0000000085a00000|  0%| F|  |TAMS 0x0000000085900000, 0x0000000085900000| Untracked 
|  90|0x0000000085a00000, 0x0000000085a00000, 0x0000000085b00000|  0%| F|  |TAMS 0x0000000085a00000, 0x0000000085a00000| Untracked 
|  91|0x0000000085b00000, 0x0000000085b00000, 0x0000000085c00000|  0%| F|  |TAMS 0x0000000085b00000, 0x0000000085b00000| Untracked 
|  92|0x0000000085c00000, 0x0000000085c00000, 0x0000000085d00000|  0%| F|  |TAMS 0x0000000085c00000, 0x0000000085c00000| Untracked 
|  93|0x0000000085d00000, 0x0000000085d00000, 0x0000000085e00000|  0%| F|  |TAMS 0x0000000085d00000, 0x0000000085d00000| Untracked 
|  94|0x0000000085e00000, 0x0000000085e00000, 0x0000000085f00000|  0%| F|  |TAMS 0x0000000085e00000, 0x0000000085e00000| Untracked 
|  95|0x0000000085f00000, 0x0000000085f00000, 0x0000000086000000|  0%| F|  |TAMS 0x0000000085f00000, 0x0000000085f00000| Untracked 
|  96|0x0000000086000000, 0x0000000086000000, 0x0000000086100000|  0%| F|  |TAMS 0x0000000086000000, 0x0000000086000000| Untracked 
|  97|0x0000000086100000, 0x0000000086100000, 0x0000000086200000|  0%| F|  |TAMS 0x0000000086100000, 0x0000000086100000| Untracked 
|  98|0x0000000086200000, 0x0000000086200000, 0x0000000086300000|  0%| F|  |TAMS 0x0000000086200000, 0x0000000086200000| Untracked 
|  99|0x0000000086300000, 0x0000000086300000, 0x0000000086400000|  0%| F|  |TAMS 0x0000000086300000, 0x0000000086300000| Untracked 
| 100|0x0000000086400000, 0x0000000086400000, 0x0000000086500000|  0%| F|  |TAMS 0x0000000086400000, 0x0000000086400000| Untracked 
| 101|0x0000000086500000, 0x0000000086500000, 0x0000000086600000|  0%| F|  |TAMS 0x0000000086500000, 0x0000000086500000| Untracked 
| 102|0x0000000086600000, 0x0000000086600000, 0x0000000086700000|  0%| F|  |TAMS 0x0000000086600000, 0x0000000086600000| Untracked 
| 103|0x0000000086700000, 0x0000000086713558, 0x0000000086800000|  7%| E|  |TAMS 0x0000000086700000, 0x0000000086700000| Complete 
| 104|0x0000000086800000, 0x0000000086900000, 0x0000000086900000|100%| E|CS|TAMS 0x0000000086800000, 0x0000000086800000| Complete 
| 105|0x0000000086900000, 0x0000000086a00000, 0x0000000086a00000|100%| E|CS|TAMS 0x0000000086900000, 0x0000000086900000| Complete 
| 106|0x0000000086a00000, 0x0000000086b00000, 0x0000000086b00000|100%| E|CS|TAMS 0x0000000086a00000, 0x0000000086a00000| Complete 
| 107|0x0000000086b00000, 0x0000000086c00000, 0x0000000086c00000|100%| E|CS|TAMS 0x0000000086b00000, 0x0000000086b00000| Complete 
| 108|0x0000000086c00000, 0x0000000086d00000, 0x0000000086d00000|100%| E|CS|TAMS 0x0000000086c00000, 0x0000000086c00000| Complete 
| 109|0x0000000086d00000, 0x0000000086e00000, 0x0000000086e00000|100%| E|CS|TAMS 0x0000000086d00000, 0x0000000086d00000| Complete 
| 110|0x0000000086e00000, 0x0000000086f00000, 0x0000000086f00000|100%| E|CS|TAMS 0x0000000086e00000, 0x0000000086e00000| Complete 
| 111|0x0000000086f00000, 0x0000000087000000, 0x0000000087000000|100%| E|CS|TAMS 0x0000000086f00000, 0x0000000086f00000| Complete 
| 112|0x0000000087000000, 0x0000000087100000, 0x0000000087100000|100%| E|CS|TAMS 0x0000000087000000, 0x0000000087000000| Complete 
| 113|0x0000000087100000, 0x0000000087200000, 0x0000000087200000|100%| E|CS|TAMS 0x0000000087100000, 0x0000000087100000| Complete 
| 114|0x0000000087200000, 0x0000000087300000, 0x0000000087300000|100%| E|CS|TAMS 0x0000000087200000, 0x0000000087200000| Complete 
| 115|0x0000000087300000, 0x0000000087400000, 0x0000000087400000|100%| E|CS|TAMS 0x0000000087300000, 0x0000000087300000| Complete 
| 116|0x0000000087400000, 0x0000000087500000, 0x0000000087500000|100%| E|CS|TAMS 0x0000000087400000, 0x0000000087400000| Complete 
| 117|0x0000000087500000, 0x0000000087600000, 0x0000000087600000|100%| E|CS|TAMS 0x0000000087500000, 0x0000000087500000| Complete 
| 118|0x0000000087600000, 0x0000000087700000, 0x0000000087700000|100%| E|CS|TAMS 0x0000000087600000, 0x0000000087600000| Complete 
| 119|0x0000000087700000, 0x0000000087800000, 0x0000000087800000|100%| E|CS|TAMS 0x0000000087700000, 0x0000000087700000| Complete 
| 120|0x0000000087800000, 0x0000000087900000, 0x0000000087900000|100%| E|CS|TAMS 0x0000000087800000, 0x0000000087800000| Complete 
| 121|0x0000000087900000, 0x0000000087a00000, 0x0000000087a00000|100%| E|CS|TAMS 0x0000000087900000, 0x0000000087900000| Complete 
| 122|0x0000000087a00000, 0x0000000087b00000, 0x0000000087b00000|100%| E|CS|TAMS 0x0000000087a00000, 0x0000000087a00000| Complete 
| 123|0x0000000087b00000, 0x0000000087c00000, 0x0000000087c00000|100%| E|CS|TAMS 0x0000000087b00000, 0x0000000087b00000| Complete 
| 124|0x0000000087c00000, 0x0000000087d00000, 0x0000000087d00000|100%| E|CS|TAMS 0x0000000087c00000, 0x0000000087c00000| Complete 
| 125|0x0000000087d00000, 0x0000000087e00000, 0x0000000087e00000|100%| E|CS|TAMS 0x0000000087d00000, 0x0000000087d00000| Complete 
| 126|0x0000000087e00000, 0x0000000087f00000, 0x0000000087f00000|100%| E|CS|TAMS 0x0000000087e00000, 0x0000000087e00000| Complete 
| 127|0x0000000087f00000, 0x0000000088000000, 0x0000000088000000|100%| E|CS|TAMS 0x0000000087f00000, 0x0000000087f00000| Complete 
| 128|0x0000000088000000, 0x0000000088100000, 0x0000000088100000|100%| E|CS|TAMS 0x0000000088000000, 0x0000000088000000| Complete 
| 129|0x0000000088100000, 0x0000000088200000, 0x0000000088200000|100%| E|CS|TAMS 0x0000000088100000, 0x0000000088100000| Complete 
| 130|0x0000000088200000, 0x0000000088300000, 0x0000000088300000|100%| E|CS|TAMS 0x0000000088200000, 0x0000000088200000| Complete 
| 131|0x0000000088300000, 0x0000000088400000, 0x0000000088400000|100%| E|CS|TAMS 0x0000000088300000, 0x0000000088300000| Complete 
| 132|0x0000000088400000, 0x0000000088500000, 0x0000000088500000|100%| E|CS|TAMS 0x0000000088400000, 0x0000000088400000| Complete 
| 133|0x0000000088500000, 0x0000000088600000, 0x0000000088600000|100%| E|CS|TAMS 0x0000000088500000, 0x0000000088500000| Complete 
| 134|0x0000000088600000, 0x0000000088700000, 0x0000000088700000|100%| E|CS|TAMS 0x0000000088600000, 0x0000000088600000| Complete 
| 135|0x0000000088700000, 0x0000000088800000, 0x0000000088800000|100%| E|CS|TAMS 0x0000000088700000, 0x0000000088700000| Complete 
| 136|0x0000000088800000, 0x0000000088900000, 0x0000000088900000|100%| E|CS|TAMS 0x0000000088800000, 0x0000000088800000| Complete 
| 137|0x0000000088900000, 0x0000000088a00000, 0x0000000088a00000|100%| E|CS|TAMS 0x0000000088900000, 0x0000000088900000| Complete 
| 138|0x0000000088a00000, 0x0000000088b00000, 0x0000000088b00000|100%| E|CS|TAMS 0x0000000088a00000, 0x0000000088a00000| Complete 
| 139|0x0000000088b00000, 0x0000000088c00000, 0x0000000088c00000|100%| E|CS|TAMS 0x0000000088b00000, 0x0000000088b00000| Complete 
| 140|0x0000000088c00000, 0x0000000088d00000, 0x0000000088d00000|100%| E|CS|TAMS 0x0000000088c00000, 0x0000000088c00000| Complete 
| 141|0x0000000088d00000, 0x0000000088e00000, 0x0000000088e00000|100%| E|CS|TAMS 0x0000000088d00000, 0x0000000088d00000| Complete 
| 142|0x0000000088e00000, 0x0000000088f00000, 0x0000000088f00000|100%| E|CS|TAMS 0x0000000088e00000, 0x0000000088e00000| Complete 
| 143|0x0000000088f00000, 0x0000000089000000, 0x0000000089000000|100%| E|CS|TAMS 0x0000000088f00000, 0x0000000088f00000| Complete 
| 144|0x0000000089000000, 0x0000000089100000, 0x0000000089100000|100%| E|CS|TAMS 0x0000000089000000, 0x0000000089000000| Complete 
| 145|0x0000000089100000, 0x0000000089200000, 0x0000000089200000|100%| E|CS|TAMS 0x0000000089100000, 0x0000000089100000| Complete 
| 146|0x0000000089200000, 0x0000000089300000, 0x0000000089300000|100%| E|CS|TAMS 0x0000000089200000, 0x0000000089200000| Complete 
| 147|0x0000000089300000, 0x0000000089400000, 0x0000000089400000|100%| E|CS|TAMS 0x0000000089300000, 0x0000000089300000| Complete 
| 148|0x0000000089400000, 0x0000000089500000, 0x0000000089500000|100%| E|CS|TAMS 0x0000000089400000, 0x0000000089400000| Complete 

Card table byte_map: [0x000001a0eac20000,0x000001a0eb020000] _byte_map_base: 0x000001a0ea820000

Marking Bits (Prev, Next): (CMBitMap*) 0x000001a0d5ab4ee8, (CMBitMap*) 0x000001a0d5ab4f20
 Prev Bits: [0x000001a0eb420000, 0x000001a0ed420000)
 Next Bits: [0x000001a0ed420000, 0x000001a0ef420000)

Polling page: 0x000001a0d5b40000

Metaspace:

Usage:
  Non-class:     41.64 MB capacity,    40.89 MB ( 98%) used,   639.03 KB (  1%) free+waste,   127.94 KB ( <1%) overhead. 
      Class:      6.52 MB capacity,     6.04 MB ( 93%) used,   421.84 KB (  6%) free+waste,    61.44 KB ( <1%) overhead. 
       Both:     48.16 MB capacity,    46.94 MB ( 97%) used,     1.04 MB (  2%) free+waste,   189.38 KB ( <1%) overhead. 

Virtual space:
  Non-class space:       42.00 MB reserved,      41.75 MB (>99%) committed 
      Class space:        1.00 GB reserved,       6.58 MB ( <1%) committed 
             Both:        1.04 GB reserved,      48.33 MB (  5%) committed 

Chunk freelists:
   Non-Class:  45.00 KB
       Class:  0 bytes
        Both:  45.00 KB

MaxMetaspaceSize: 17179869184.00 GB
CompressedClassSpaceSize: 1.00 GB
Initial GC threshold: 20.80 MB
Current GC threshold: 58.88 MB
CDS: off

CodeHeap 'non-profiled nmethods': size=120000Kb used=2652Kb max_used=2652Kb free=117348Kb
 bounds [0x000001a0e2890000, 0x000001a0e2b30000, 0x000001a0e9dc0000]
CodeHeap 'profiled nmethods': size=120000Kb used=9719Kb max_used=9719Kb free=110281Kb
 bounds [0x000001a0db360000, 0x000001a0dbce0000, 0x000001a0e2890000]
CodeHeap 'non-nmethods': size=5760Kb used=2302Kb max_used=2336Kb free=3457Kb
 bounds [0x000001a0dadc0000, 0x000001a0db030000, 0x000001a0db360000]
 total_blobs=5648 nmethods=4857 adapters=702
 compilation: enabled
              stopped_count=0, restarted_count=0
 full_count=0

Compilation events (20 events):
Event: 6.871 Thread 0x000001a0f2795000 nmethod 4796 0x000001a0dbcb4c90 code [0x000001a0dbcb4ec0, 0x000001a0dbcb5508]
Event: 6.871 Thread 0x000001a0f2795000 4798       3       org.gradle.internal.io.StreamByteBuffer::allocateSpace (73 bytes)
Event: 6.872 Thread 0x000001a0f2795000 nmethod 4798 0x000001a0dbcb5790 code [0x000001a0dbcb59a0, 0x000001a0dbcb60e8]
Event: 6.872 Thread 0x000001a0f2795000 4799       3       org.gradle.internal.io.StreamByteBuffer$StreamByteBufferChunk::spaceLeft (10 bytes)
Event: 6.872 Thread 0x000001a0f2795000 nmethod 4799 0x000001a0dbcb6390 code [0x000001a0dbcb6540, 0x000001a0dbcb6638]
Event: 6.872 Thread 0x000001a0f2795000 4800       3       org.gradle.internal.io.StreamByteBuffer::<init> (75 bytes)
Event: 6.872 Thread 0x000001a0f2795000 nmethod 4800 0x000001a0dbcb6710 code [0x000001a0dbcb6960, 0x000001a0dbcb74d8]
Event: 6.872 Thread 0x000001a0f2795000 4801       3       org.gradle.internal.io.StreamByteBuffer$StreamByteBufferChunk::<init> (17 bytes)
Event: 6.873 Thread 0x000001a0f2795000 nmethod 4801 0x000001a0dbcb7810 code [0x000001a0dbcb79c0, 0x000001a0dbcb7c18]
Event: 6.873 Thread 0x000001a0f2795000 4802       3       org.gradle.internal.io.StreamByteBuffer$StreamByteBufferInputStream::<init> (10 bytes)
Event: 6.873 Thread 0x000001a0f2795000 nmethod 4802 0x000001a0dbcb7d10 code [0x000001a0dbcb7ec0, 0x000001a0dbcb80d8]
Event: 6.873 Thread 0x000001a0f2795000 4797       3       com.google.common.cache.LocalCache::nullEntry (4 bytes)
Event: 6.873 Thread 0x000001a0f2795000 nmethod 4797 0x000001a0dbcb8210 code [0x000001a0dbcb83c0, 0x000001a0dbcb84b8]
Event: 6.873 Thread 0x000001a0f2795000 4803       1       org.gradle.internal.resources.AbstractResourceLockRegistry$ThreadLockDetails::access$000 (5 bytes)
Event: 6.873 Thread 0x000001a0f2795000 nmethod 4803 0x000001a0e2b1cd10 code [0x000001a0e2b1cec0, 0x000001a0e2b1cf58]
Event: 6.874 Thread 0x000001a0f2795000 4804       3       org.gradle.api.internal.artifacts.ivyservice.ivyresolve.RepositoryChainArtifactResolver::findSourceRepository (48 bytes)
Event: 6.874 Thread 0x000001a0f2795000 nmethod 4804 0x000001a0dbcb8590 code [0x000001a0dbcb87c0, 0x000001a0dbcb8ef8]
Event: 6.875 Thread 0x000001a0f2795000 4805       3       java.io.DataOutputStream::flush (8 bytes)
Event: 6.875 Thread 0x000001a0f2795000 nmethod 4805 0x000001a0dbcb9190 code [0x000001a0dbcb9340, 0x000001a0dbcb9508]
Event: 6.875 Thread 0x000001a0f2795000 4806       3       org.gradle.cache.internal.filelock.DefaultLockStateSerializer$SequenceNumberLockState::<init> (21 bytes)

GC Heap History (14 events):
Event: 0.763 GC heap before
{Heap before GC invocations=0 (full 0):
 garbage-first heap   total 126976K, used 29696K [0x0000000080000000, 0x0000000100000000)
  region size 1024K, 24 young (24576K), 0 survivors (0K)
 Metaspace       used 9866K, capacity 10114K, committed 10368K, reserved 1058816K
  class space    used 1027K, capacity 1102K, committed 1152K, reserved 1048576K
}
Event: 0.771 GC heap after
{Heap after GC invocations=1 (full 0):
 garbage-first heap   total 126976K, used 8992K [0x0000000080000000, 0x0000000100000000)
  region size 1024K, 3 young (3072K), 3 survivors (3072K)
 Metaspace       used 9866K, capacity 10114K, committed 10368K, reserved 1058816K
  class space    used 1027K, capacity 1102K, committed 1152K, reserved 1048576K
}
Event: 2.406 GC heap before
{Heap before GC invocations=1 (full 0):
 garbage-first heap   total 126976K, used 82720K [0x0000000080000000, 0x0000000100000000)
  region size 1024K, 74 young (75776K), 3 survivors (3072K)
 Metaspace       used 17423K, capacity 17807K, committed 18176K, reserved 1064960K
  class space    used 2060K, capacity 2177K, committed 2304K, reserved 1048576K
}
Event: 2.414 GC heap after
{Heap after GC invocations=2 (full 0):
 garbage-first heap   total 126976K, used 15669K [0x0000000080000000, 0x0000000100000000)
  region size 1024K, 10 young (10240K), 10 survivors (10240K)
 Metaspace       used 17423K, capacity 17807K, committed 18176K, reserved 1064960K
  class space    used 2060K, capacity 2177K, committed 2304K, reserved 1048576K
}
Event: 2.907 GC heap before
{Heap before GC invocations=2 (full 0):
 garbage-first heap   total 126976K, used 46389K [0x0000000080000000, 0x0000000100000000)
  region size 1024K, 41 young (41984K), 10 survivors (10240K)
 Metaspace       used 20722K, capacity 21149K, committed 21296K, reserved 1069056K
  class space    used 2560K, capacity 2716K, committed 2816K, reserved 1048576K
}
Event: 2.916 GC heap after
{Heap after GC invocations=3 (full 0):
 garbage-first heap   total 126976K, used 17114K [0x0000000080000000, 0x0000000100000000)
  region size 1024K, 2 young (2048K), 2 survivors (2048K)
 Metaspace       used 20722K, capacity 21149K, committed 21296K, reserved 1069056K
  class space    used 2560K, capacity 2716K, committed 2816K, reserved 1048576K
}
Event: 3.671 GC heap before
{Heap before GC invocations=4 (full 0):
 garbage-first heap   total 126976K, used 76506K [0x0000000080000000, 0x0000000100000000)
  region size 1024K, 60 young (61440K), 2 survivors (2048K)
 Metaspace       used 26899K, capacity 27494K, committed 27648K, reserved 1073152K
  class space    used 3522K, capacity 3735K, committed 3840K, reserved 1048576K
}
Event: 3.674 GC heap after
{Heap after GC invocations=5 (full 0):
 garbage-first heap   total 126976K, used 18909K [0x0000000080000000, 0x0000000100000000)
  region size 1024K, 4 young (4096K), 4 survivors (4096K)
 Metaspace       used 26899K, capacity 27494K, committed 27648K, reserved 1073152K
  class space    used 3522K, capacity 3735K, committed 3840K, reserved 1048576K
}
Event: 4.632 GC heap before
{Heap before GC invocations=5 (full 0):
 garbage-first heap   total 126976K, used 71133K [0x0000000080000000, 0x0000000100000000)
  region size 1024K, 56 young (57344K), 4 survivors (4096K)
 Metaspace       used 35023K, capacity 35836K, committed 35920K, reserved 1081344K
  class space    used 4561K, capacity 4879K, committed 4944K, reserved 1048576K
}
Event: 4.644 GC heap after
{Heap after GC invocations=6 (full 0):
 garbage-first heap   total 126976K, used 22212K [0x0000000080000000, 0x0000000100000000)
  region size 1024K, 7 young (7168K), 7 survivors (7168K)
 Metaspace       used 35023K, capacity 35836K, committed 35920K, reserved 1081344K
  class space    used 4561K, capacity 4879K, committed 4944K, reserved 1048576K
}
Event: 5.336 GC heap before
{Heap before GC invocations=7 (full 0):
 garbage-first heap   total 126976K, used 90820K [0x0000000080000000, 0x0000000100000000)
  region size 1024K, 72 young (73728K), 7 survivors (7168K)
 Metaspace       used 40226K, capacity 41222K, committed 41424K, reserved 1085440K
  class space    used 5149K, capacity 5475K, committed 5584K, reserved 1048576K
}
Event: 5.345 GC heap after
{Heap after GC invocations=8 (full 0):
 garbage-first heap   total 126976K, used 27623K [0x0000000080000000, 0x0000000100000000)
  region size 1024K, 9 young (9216K), 9 survivors (9216K)
 Metaspace       used 40226K, capacity 41222K, committed 41424K, reserved 1085440K
  class space    used 5149K, capacity 5475K, committed 5584K, reserved 1048576K
}
Event: 6.071 GC heap before
{Heap before GC invocations=8 (full 0):
 garbage-first heap   total 126976K, used 93159K [0x0000000080000000, 0x0000000100000000)
  region size 1024K, 72 young (73728K), 9 survivors (9216K)
 Metaspace       used 45994K, capacity 46990K, committed 47056K, reserved 1089536K
  class space    used 5933K, capacity 6323K, committed 6352K, reserved 1048576K
}
Event: 6.084 GC heap after
{Heap after GC invocations=9 (full 0):
 garbage-first heap   total 152576K, used 29730K [0x0000000080000000, 0x0000000100000000)
  region size 1024K, 3 young (3072K), 3 survivors (3072K)
 Metaspace       used 45994K, capacity 46990K, committed 47056K, reserved 1089536K
  class space    used 5933K, capacity 6323K, committed 6352K, reserved 1048576K
}

Deoptimization events (20 events):
Event: 6.768 Thread 0x000001a0f4beb000 DEOPT PACKING pc=0x000001a0e29ee1e8 sp=0x0000005b170fd760
Event: 6.768 Thread 0x000001a0f4beb000 DEOPT UNPACKING pc=0x000001a0dadc85af sp=0x0000005b170fd6f0 mode 2
Event: 6.768 Thread 0x000001a0f4beb000 Uncommon trap: trap_request=0xffffff5c fr.pc=0x000001a0e2a490e0 relative=0x0000000000001420
Event: 6.768 Thread 0x000001a0f4beb000 Uncommon trap: reason=speculate_null_assert action=make_not_entrant pc=0x000001a0e2a490e0 method=java.lang.invoke.MethodType$ConcurrentWeakInternSet.add(Ljava/lang/Object;)Ljava/lang/Object; @ 47 c2
Event: 6.768 Thread 0x000001a0f4beb000 DEOPT PACKING pc=0x000001a0e2a490e0 sp=0x0000005b170fd820
Event: 6.769 Thread 0x000001a0f4beb000 DEOPT UNPACKING pc=0x000001a0dadc85af sp=0x0000005b170fd7d8 mode 2
Event: 6.770 Thread 0x000001a0f4bea800 Uncommon trap: trap_request=0xffffffde fr.pc=0x000001a0e29ee1e8 relative=0x0000000000001228
Event: 6.770 Thread 0x000001a0f4bea800 Uncommon trap: reason=class_check action=maybe_recompile pc=0x000001a0e29ee1e8 method=java.util.concurrent.ConcurrentHashMap.putVal(Ljava/lang/Object;Ljava/lang/Object;Z)Ljava/lang/Object; @ 159 c2
Event: 6.770 Thread 0x000001a0f4bea800 DEOPT PACKING pc=0x000001a0e29ee1e8 sp=0x0000005b171fd340
Event: 6.770 Thread 0x000001a0f4beb000 Uncommon trap: trap_request=0xffffff4d fr.pc=0x000001a0e29ee0c4 relative=0x0000000000001104
Event: 6.770 Thread 0x000001a0f4beb000 Uncommon trap: reason=unstable_if action=reinterpret pc=0x000001a0e29ee0c4 method=java.util.concurrent.ConcurrentHashMap.putVal(Ljava/lang/Object;Ljava/lang/Object;Z)Ljava/lang/Object; @ 97 c2
Event: 6.770 Thread 0x000001a0f4beb000 DEOPT PACKING pc=0x000001a0e29ee0c4 sp=0x0000005b170fd1b0
Event: 6.770 Thread 0x000001a0f4bea800 DEOPT UNPACKING pc=0x000001a0dadc85af sp=0x0000005b171fd2d0 mode 2
Event: 6.770 Thread 0x000001a0f4beb000 DEOPT UNPACKING pc=0x000001a0dadc85af sp=0x0000005b170fd148 mode 2
Event: 6.806 Thread 0x000001a0f4bea800 DEOPT PACKING pc=0x000001a0db91f1cc sp=0x0000005b171fd900
Event: 6.806 Thread 0x000001a0f4bea800 DEOPT UNPACKING pc=0x000001a0dae09d0e sp=0x0000005b171fcea0 mode 0
Event: 6.834 Thread 0x000001a0f4bee800 DEOPT PACKING pc=0x000001a0db91f1cc sp=0x0000005b174fce50
Event: 6.834 Thread 0x000001a0f4bee800 DEOPT UNPACKING pc=0x000001a0dae09d0e sp=0x0000005b174fc3f0 mode 0
Event: 6.857 Thread 0x000001a0f84a8000 DEOPT PACKING pc=0x000001a0db91f1cc sp=0x0000005b18ffd390
Event: 6.857 Thread 0x000001a0f84a8000 DEOPT UNPACKING pc=0x000001a0dae09d0e sp=0x0000005b18ffc930 mode 0

Classes redefined (0 events):
No events

Internal exceptions (20 events):
Event: 5.584 Thread 0x000001a0f28f9000 Implicit null exception at 0x000001a0e28ebcf8 to 0x000001a0e28ebd8a
Event: 5.718 Thread 0x000001a0f28f9000 Exception <a 'java/lang/ClassNotFoundException'{0x0000000085e53830}: build_bkl00dyizkrfgl59igk8hj3gqBeanInfo> (0x0000000085e53830) thrown at [./src/hotspot/share/classfile/systemDictionary.cpp, line 231]
Event: 5.718 Thread 0x000001a0f28f9000 Exception <a 'java/lang/ClassNotFoundException'{0x0000000085e6a7c8}: org/gradle/api/internal/project/ProjectScriptBeanInfo> (0x0000000085e6a7c8) thrown at [./src/hotspot/share/classfile/systemDictionary.cpp, line 231]
Event: 5.719 Thread 0x000001a0f28f9000 Exception <a 'java/lang/ClassNotFoundException'{0x0000000085e81688}: org/gradle/api/internal/project/ProjectScriptCustomizer> (0x0000000085e81688) thrown at [./src/hotspot/share/classfile/systemDictionary.cpp, line 231]
Event: 5.720 Thread 0x000001a0f28f9000 Exception <a 'java/lang/ClassNotFoundException'{0x0000000085e9c908}: build_bkl00dyizkrfgl59igk8hj3gqCustomizer> (0x0000000085e9c908) thrown at [./src/hotspot/share/classfile/systemDictionary.cpp, line 231]
Event: 5.728 Thread 0x000001a0f28f9000 Exception <a 'java/lang/ClassNotFoundException'{0x0000000085d300e0}: org/gradle/plugin/use/internal/PluginRequestCollector$PluginDependenciesSpecImplBeanInfo> (0x0000000085d300e0) thrown at [./src/hotspot/share/classfile/systemDictionary.cpp, line 231]
Event: 5.729 Thread 0x000001a0f28f9000 Exception <a 'java/lang/ClassNotFoundException'{0x0000000085d5f060}: org/gradle/plugin/use/internal/PluginRequestCollector$PluginDependenciesSpecImplCustomizer> (0x0000000085d5f060) thrown at [./src/hotspot/share/classfile/systemDictionary.cpp, line 231]
Event: 5.732 Thread 0x000001a0f28f9000 Exception <a 'java/lang/ClassNotFoundException'{0x0000000085dc7168}: org/gradle/plugin/use/internal/PluginRequestCollector$PluginDependencySpecImplBeanInfo> (0x0000000085dc7168) thrown at [./src/hotspot/share/classfile/systemDictionary.cpp, line 231]
Event: 5.732 Thread 0x000001a0f28f9000 Exception <a 'java/lang/ClassNotFoundException'{0x0000000085df52c8}: org/gradle/plugin/use/internal/PluginRequestCollector$PluginDependencySpecImplCustomizer> (0x0000000085df52c8) thrown at [./src/hotspot/share/classfile/systemDictionary.cpp, line 231]
Event: 5.981 Thread 0x000001a0f28f9000 Exception <a 'java/lang/NoSuchMethodError'{0x0000000084340258}: 'int java.lang.invoke.DirectMethodHandle$Holder.invokeInterface(java.lang.Object, java.lang.Object)'> (0x0000000084340258) thrown at [./src/hotspot/share/interpreter/linkResolver.cpp, line 773]
Event: 5.981 Thread 0x000001a0f28f9000 Exception <a 'java/lang/IncompatibleClassChangeError'{0x0000000084343d38}: Found class java.lang.Object, but interface was expected> (0x0000000084343d38) thrown at [./src/hotspot/share/interpreter/linkResolver.cpp, line 839]
Event: 6.103 Thread 0x000001a0f28f9000 Exception <a 'java/lang/NoSuchMethodError'{0x000000008939d5b8}: 'int java.lang.invoke.DirectMethodHandle$Holder.invokeStaticInit(java.lang.Object)'> (0x000000008939d5b8) thrown at [./src/hotspot/share/interpreter/linkResolver.cpp, line 773]
Event: 6.153 Thread 0x000001a0f28f9000 Exception <a 'java/lang/NoSuchMethodError'{0x0000000089082e08}: 'void java.lang.invoke.DirectMethodHandle$Holder.invokeStatic(java.lang.Object, java.lang.Object, java.lang.Object, int, java.lang.Object)'> (0x0000000089082e08) thrown at [./src/hotspot/share/interpreter/linkResolver.cpp, line 773]
Event: 6.277 Thread 0x000001a0f28f9000 Exception <a 'java/lang/NoSuchMethodError'{0x0000000088acf9c0}: 'java.lang.Object java.lang.invoke.DelegatingMethodHandle$Holder.reinvoke_L(java.lang.Object, java.lang.Object, java.lang.Object, java.lang.Object, java.lang.Object, java.lang.Object, java.lang.Object, java.lang.Object, java.lang.Object, java.lang.Object, java.lang.Object, java.lang.Object, java.lang.Object, java.lang.Object, java.lang.Object, java.lang.Object, java.lang.Object, java.lang.Object, java.lang.Object, java.lang.Object)'> (0x000000
Event: 6.278 Thread 0x000001a0f28f9000 Exception <a 'java/lang/NoSuchMethodError'{0x0000000088adb640}: 'java.lang.Object java.lang.invoke.DirectMethodHandle$Holder.invokeSpecial(java.lang.Object, java.lang.Object, java.lang.Object, java.lang.Object, java.lang.Object, java.lang.Object, java.lang.Object, java.lang.Object, java.lang.Object, java.lang.Object, java.lang.Object, java.lang.Object, java.lang.Object, java.lang.Object, java.lang.Object, java.lang.Object, java.lang.Object, java.lang.Object, java.lang.Object, java.lang.Object)'> (0x0000000
Event: 6.279 Thread 0x000001a0f28f9000 Exception <a 'java/lang/NoSuchMethodError'{0x0000000088ae1580}: 'java.lang.Object java.lang.invoke.Invokers$Holder.invoker(java.lang.Object, java.lang.Object, java.lang.Object, java.lang.Object, java.lang.Object, java.lang.Object, java.lang.Object, java.lang.Object, java.lang.Object, java.lang.Object, java.lang.Object, java.lang.Object, java.lang.Object, java.lang.Object, java.lang.Object, java.lang.Object, java.lang.Object, java.lang.Object, java.lang.Object, java.lang.Object)'> (0x0000000088ae1580) throw
Event: 6.279 Thread 0x000001a0f28f9000 Exception <a 'java/lang/NoSuchMethodError'{0x0000000088ae8690}: 'java.lang.Object java.lang.invoke.DelegatingMethodHandle$Holder.delegate(java.lang.Object, java.lang.Object, java.lang.Object, java.lang.Object, java.lang.Object, java.lang.Object, java.lang.Object, java.lang.Object, java.lang.Object, java.lang.Object, java.lang.Object, java.lang.Object, java.lang.Object, java.lang.Object, java.lang.Object, java.lang.Object, java.lang.Object, java.lang.Object, java.lang.Object, java.lang.Object)'> (0x00000000
Event: 6.283 Thread 0x000001a0f28f9000 Exception <a 'java/lang/NoSuchMethodError'{0x0000000088930688}: 'java.lang.Object java.lang.invoke.DirectMethodHandle$Holder.invokeStatic(java.lang.Object, java.lang.Object, java.lang.Object, java.lang.Object, java.lang.Object, java.lang.Object, java.lang.Object, java.lang.Object, java.lang.Object, java.lang.Object, java.lang.Object, java.lang.Object, java.lang.Object, java.lang.Object, java.lang.Object)'> (0x0000000088930688) thrown at [./src/hotspot/share/interpreter/linkResolver.cpp, line 773]
Event: 6.284 Thread 0x000001a0f28f9000 Exception <a 'java/lang/NoSuchMethodError'{0x0000000088940b30}: 'java.lang.Object java.lang.invoke.DirectMethodHandle$Holder.invokeStatic(java.lang.Object, java.lang.Object, java.lang.Object, java.lang.Object, java.lang.Object, java.lang.Object, java.lang.Object, java.lang.Object, java.lang.Object, java.lang.Object, java.lang.Object, java.lang.Object, java.lang.Object, java.lang.Object, java.lang.Object, java.lang.Object)'> (0x0000000088940b30) thrown at [./src/hotspot/share/interpreter/linkResolver.cpp, l
Event: 6.284 Thread 0x000001a0f28f9000 Exception <a 'java/lang/NoSuchMethodError'{0x0000000088950d60}: 'java.lang.Object java.lang.invoke.DelegatingMethodHandle$Holder.reinvoke_L(java.lang.Object, java.lang.Object, java.lang.Object, java.lang.Object, java.lang.Object, java.lang.Object, java.lang.Object, java.lang.Object, java.lang.Object, java.lang.Object, java.lang.Object, java.lang.Object, java.lang.Object, java.lang.Object, java.lang.Object, java.lang.Object, java.lang.Object, java.lang.Object, java.lang.Object)'> (0x0000000088950d60) thrown

Events (20 events):
Event: 6.787 Thread 0x000001a0f7f54000 Thread added: 0x000001a0f7f54000
Event: 6.787 Thread 0x000001a0f7f54800 Thread added: 0x000001a0f7f54800
Event: 6.787 Thread 0x000001a0f7f52800 Thread added: 0x000001a0f7f52800
Event: 6.787 Thread 0x000001a0f7f58000 Thread added: 0x000001a0f7f58000
Event: 6.787 Thread 0x000001a0f7f57000 Thread added: 0x000001a0f7f57000
Event: 6.788 Thread 0x000001a0f7f55800 Thread added: 0x000001a0f7f55800
Event: 6.788 Thread 0x000001a0f7f59000 Thread added: 0x000001a0f7f59000
Event: 6.788 Thread 0x000001a0f7f56800 Thread added: 0x000001a0f7f56800
Event: 6.788 Thread 0x000001a0f7f5b800 Thread added: 0x000001a0f7f5b800
Event: 6.788 Thread 0x000001a0f7f5c000 Thread added: 0x000001a0f7f5c000
Event: 6.789 Thread 0x000001a0f7f5a800 Thread added: 0x000001a0f7f5a800
Event: 6.789 Thread 0x000001a0f7f59800 Thread added: 0x000001a0f7f59800
Event: 6.789 Thread 0x000001a0f7f5d000 Thread added: 0x000001a0f7f5d000
Event: 6.789 Thread 0x000001a0f7ff6000 Thread added: 0x000001a0f7ff6000
Event: 6.790 Thread 0x000001a0f7ff7000 Thread added: 0x000001a0f7ff7000
Event: 6.791 loading class org/gradle/internal/resources/DefaultResourceLockCoordinationService$ReleaseLocks
Event: 6.791 loading class org/gradle/internal/resources/DefaultResourceLockCoordinationService$ReleaseLocks done
Event: 6.791 Thread 0x000001a0f7ff8800 Thread added: 0x000001a0f7ff8800
Event: 6.791 Thread 0x000001a0f7ff8000 Thread added: 0x000001a0f7ff8000
Event: 6.792 Thread 0x000001a0f7ffb000 Thread added: 0x000001a0f7ffb000


Dynamic libraries:
0x00007ff6ed3c0000 - 0x00007ff6ed3ca000 	C:\Program Files\Android\Android Studio\jre\bin\java.exe
0x00007fffd3280000 - 0x00007fffd34e7000 	C:\WINDOWS\SYSTEM32\ntdll.dll
0x00007fffd1d10000 - 0x00007fffd1dd9000 	C:\WINDOWS\System32\KERNEL32.DLL
0x00007fffcfce0000 - 0x00007fffd00d7000 	C:\WINDOWS\System32\KERNELBASE.dll
0x00007fffd00e0000 - 0x00007fffd022b000 	C:\WINDOWS\System32\ucrtbase.dll
0x00007fffb2e10000 - 0x00007fffb2e29000 	C:\Program Files\Android\Android Studio\jre\bin\jli.dll
0x00007fff979c0000 - 0x00007fff979d7000 	C:\Program Files\Android\Android Studio\jre\bin\VCRUNTIME140.dll
0x00007fffd1b40000 - 0x00007fffd1d06000 	C:\WINDOWS\System32\USER32.dll
0x00007fffb42e0000 - 0x00007fffb4572000 	C:\WINDOWS\WinSxS\amd64_microsoft.windows.common-controls_6595b64144ccf1df_6.0.26100.8457_none_3e0b2faee331e92d\COMCTL32.dll
0x00007fffcfcb0000 - 0x00007fffcfcd7000 	C:\WINDOWS\System32\win32u.dll
0x00007fffd2db0000 - 0x00007fffd2e59000 	C:\WINDOWS\System32\msvcrt.dll
0x00007fffd3210000 - 0x00007fffd323b000 	C:\WINDOWS\System32\GDI32.dll
0x00007fffd0ed0000 - 0x00007fffd0ffc000 	C:\WINDOWS\System32\gdi32full.dll
0x00007fffd0230000 - 0x00007fffd02d3000 	C:\WINDOWS\System32\msvcp_win.dll
0x00007fffd1000000 - 0x00007fffd1032000 	C:\WINDOWS\System32\IMM32.DLL
0x00007fff72860000 - 0x00007fff728fd000 	C:\Program Files\Android\Android Studio\jre\bin\msvcp140.dll
0x00007fff6e400000 - 0x00007fff6eee5000 	C:\Program Files\Android\Android Studio\jre\bin\server\jvm.dll
0x00007fffd1300000 - 0x00007fffd13b6000 	C:\WINDOWS\System32\ADVAPI32.dll
0x00007fffd18b0000 - 0x00007fffd1957000 	C:\WINDOWS\System32\sechost.dll
0x00007fffd3050000 - 0x00007fffd3168000 	C:\WINDOWS\System32\RPCRT4.dll
0x00007fffd10d0000 - 0x00007fffd10d8000 	C:\WINDOWS\System32\PSAPI.DLL
0x00007fffc59a0000 - 0x00007fffc59d6000 	C:\WINDOWS\SYSTEM32\WINMM.dll
0x00007fffc08e0000 - 0x00007fffc08eb000 	C:\WINDOWS\SYSTEM32\VERSION.dll
0x00007fff541d0000 - 0x00007fff541da000 	C:\WINDOWS\SYSTEM32\WSOCK32.dll
0x00007fffd1040000 - 0x00007fffd10c0000 	C:\WINDOWS\System32\WS2_32.dll
0x00007fffcea10000 - 0x00007fffcea2b000 	C:\WINDOWS\SYSTEM32\kernel.appcore.dll
0x00007fffb2e90000 - 0x00007fffb2ea1000 	C:\Program Files\Android\Android Studio\jre\bin\verify.dll
0x00007fffcdc80000 - 0x00007fffcdec2000 	C:\WINDOWS\SYSTEM32\DBGHELP.DLL
0x00007fffd13c0000 - 0x00007fffd1743000 	C:\WINDOWS\System32\combase.dll
0x00007fffd1e70000 - 0x00007fffd1f49000 	C:\WINDOWS\System32\OLEAUT32.dll
0x00007fffb18c0000 - 0x00007fffb18fb000 	C:\WINDOWS\SYSTEM32\dbgcore.DLL
0x00007fffd0ca0000 - 0x00007fffd0d48000 	C:\WINDOWS\System32\bcryptPrimitives.dll
0x00007fffb2e60000 - 0x00007fffb2e89000 	C:\Program Files\Android\Android Studio\jre\bin\java.dll
0x00007fffc0000000 - 0x00007fffc000b000 	C:\Program Files\Android\Android Studio\jre\bin\jimage.dll
0x00007fffb2e40000 - 0x00007fffb2e58000 	C:\Program Files\Android\Android Studio\jre\bin\zip.dll
0x00007fffd2090000 - 0x00007fffd27fe000 	C:\WINDOWS\System32\SHELL32.dll
0x00007fffd02e0000 - 0x00007fffd0b4c000 	C:\WINDOWS\System32\windows.storage.dll
0x00007fffd2810000 - 0x00007fffd2906000 	C:\WINDOWS\System32\SHCORE.dll
0x00007fffd3170000 - 0x00007fffd31d6000 	C:\WINDOWS\System32\shlwapi.dll
0x00007fffcfbd0000 - 0x00007fffcfbf9000 	C:\WINDOWS\SYSTEM32\profapi.dll
0x00007fffa6860000 - 0x00007fffa687a000 	C:\Program Files\Android\Android Studio\jre\bin\net.dll
0x00007fffc7620000 - 0x00007fffc7749000 	C:\WINDOWS\SYSTEM32\WINHTTP.dll
0x00007fffcef90000 - 0x00007fffceffc000 	C:\WINDOWS\system32\mswsock.dll
0x00007fffa6840000 - 0x00007fffa6854000 	C:\Program Files\Android\Android Studio\jre\bin\nio.dll
0x00007fff98050000 - 0x00007fff98077000 	C:\Users\james\.gradle\native\e1d6ef7f7dcc3fd88c89a11ec53ec762bb8ba0a96d01ffa2cd45eb1d1d8dd5c5\windows-amd64\native-platform.dll
0x00007fff6fe20000 - 0x00007fff6ff64000 	C:\Users\james\.gradle\native\5664cfc778a61ccfe75a443a1ab52a65af34e5dc3c78e0209fed803814484fcb\windows-amd64\native-platform-file-events.dll
0x00007fffb90e0000 - 0x00007fffb90ea000 	C:\Program Files\Android\Android Studio\jre\bin\management.dll
0x00007fffb2e30000 - 0x00007fffb2e3d000 	C:\Program Files\Android\Android Studio\jre\bin\management_ext.dll
0x00007fffcf290000 - 0x00007fffcf2ab000 	C:\WINDOWS\SYSTEM32\CRYPTSP.dll
0x00007fffce970000 - 0x00007fffce9a9000 	C:\WINDOWS\system32\rsaenh.dll
0x00007fffcf060000 - 0x00007fffcf093000 	C:\WINDOWS\SYSTEM32\USERENV.dll
0x00007fffcfba0000 - 0x00007fffcfbca000 	C:\WINDOWS\SYSTEM32\bcrypt.dll
0x00007fffcf2b0000 - 0x00007fffcf2bc000 	C:\WINDOWS\SYSTEM32\CRYPTBASE.dll
0x00007fffce3f0000 - 0x00007fffce422000 	C:\WINDOWS\SYSTEM32\IPHLPAPI.DLL
0x00007fffd1de0000 - 0x00007fffd1dea000 	C:\WINDOWS\System32\NSI.dll
0x00007fffc7c70000 - 0x00007fffc7c8d000 	C:\WINDOWS\SYSTEM32\dhcpcsvc6.DLL
0x00007fffc7c40000 - 0x00007fffc7c65000 	C:\WINDOWS\SYSTEM32\dhcpcsvc.DLL
0x00007fffce430000 - 0x00007fffce562000 	C:\WINDOWS\SYSTEM32\DNSAPI.dll

dbghelp: loaded successfully - version: 4.0.5 - missing functions: none
symbol engine: initialized successfully - sym options: 0x614 - pdb path: .;C:\Program Files\Android\Android Studio\jre\bin;C:\WINDOWS\SYSTEM32;C:\WINDOWS\WinSxS\amd64_microsoft.windows.common-controls_6595b64144ccf1df_6.0.26100.8457_none_3e0b2faee331e92d;C:\Program Files\Android\Android Studio\jre\bin\server;C:\Users\james\.gradle\native\e1d6ef7f7dcc3fd88c89a11ec53ec762bb8ba0a96d01ffa2cd45eb1d1d8dd5c5\windows-amd64;C:\Users\james\.gradle\native\5664cfc778a61ccfe75a443a1ab52a65af34e5dc3c78e0209fed803814484fcb\windows-amd64

VM Arguments:
jvm_args: --add-opens=java.base/java.util=ALL-UNNAMED --add-opens=java.base/java.lang=ALL-UNNAMED --add-opens=java.base/java.lang.invoke=ALL-UNNAMED --add-opens=java.base/java.util=ALL-UNNAMED --add-opens=java.prefs/java.util.prefs=ALL-UNNAMED --add-opens=java.prefs/java.util.prefs=ALL-UNNAMED --add-opens=java.base/java.nio.charset=ALL-UNNAMED --add-opens=java.base/java.net=ALL-UNNAMED --add-opens=java.base/java.util.concurrent.atomic=ALL-UNNAMED -Xmx2048m -Dfile.encoding=UTF-8 -Duser.country=US -Duser.language=en -Duser.variant 
java_command: org.gradle.launcher.daemon.bootstrap.GradleDaemon 7.3.3
java_class_path (initial): C:\Users\james\.gradle\wrapper\dists\gradle-7.3.3-bin\6a41zxkdtcxs8rphpq6y0069z\gradle-7.3.3\lib\gradle-launcher-7.3.3.jar
Launcher Type: SUN_STANDARD

[Global flags]
     intx CICompilerCount                          = 4                                         {product} {ergonomic}
     uint ConcGCThreads                            = 2                                         {product} {ergonomic}
     uint G1ConcRefinementThreads                  = 8                                         {product} {ergonomic}
   size_t G1HeapRegionSize                         = 1048576                                   {product} {ergonomic}
    uintx GCDrainStackTargetSize                   = 64                                        {product} {ergonomic}
   size_t InitialHeapSize                          = 130023424                                 {product} {ergonomic}
   size_t MarkStackSize                            = 4194304                                   {product} {ergonomic}
   size_t MaxHeapSize                              = 2147483648                                {product} {command line}
   size_t MaxNewSize                               = 1287651328                                {product} {ergonomic}
   size_t MinHeapDeltaBytes                        = 1048576                                   {product} {ergonomic}
    uintx NonNMethodCodeHeapSize                   = 5836300                                {pd product} {ergonomic}
    uintx NonProfiledCodeHeapSize                  = 122910970                              {pd product} {ergonomic}
    uintx ProfiledCodeHeapSize                     = 122910970                              {pd product} {ergonomic}
    uintx ReservedCodeCacheSize                    = 251658240                              {pd product} {ergonomic}
     bool SegmentedCodeCache                       = true                                      {product} {ergonomic}
     bool UseCompressedClassPointers               = true                                 {lp64_product} {ergonomic}
     bool UseCompressedOops                        = true                                 {lp64_product} {ergonomic}
     bool UseG1GC                                  = true                                      {product} {ergonomic}
     bool UseLargePagesIndividualAllocation        = false                                  {pd product} {ergonomic}

Logging:
Log output configuration:
 #0: stdout all=warning uptime,level,tags
 #1: stderr all=off uptime,level,tags

Environment Variables:
PATH=C:\Program Files (x86)\Common Files\Oracle\Java\java8path;C:\Program Files (x86)\Common Files\Oracle\Java\javapath;C:\WINDOWS\system32;C:\WINDOWS;C:\WINDOWS\System32\Wbem;C:\WINDOWS\System32\WindowsPowerShell\v1.0\;C:\WINDOWS\System32\OpenSSH\;C:\Program Files\Git\cmd;C:\Program Files\MySQL\MySQL Shell 8.0\bin\;C:\Users\james\AppData\Local\Microsoft\WindowsApps;;C:\Program Files\JetBrains\IntelliJ IDEA Community Edition 2021.3.1\bin;
USERNAME=james
OS=Windows_NT
PROCESSOR_IDENTIFIER=Intel64 Family 6 Model 140 Stepping 1, GenuineIntel



---------------  S Y S T E M  ---------------

OS: Windows 10 , 64 bit Build 26100 (10.0.26100.8328)
OS uptime: 9 days 19:12 hours
Hyper-V role detected

CPU:total 8 (initial active 8) (4 cores per cpu, 2 threads per core) family 6 model 140 stepping 1 microcode 0xb4, cmov, cx8, fxsr, mmx, sse, sse2, sse3, ssse3, sse4.1, sse4.2, popcnt, avx, avx2, aes, clmul, erms, 3dnowpref, lzcnt, ht, tsc, tscinvbit, bmi1, bmi2, adx, evex, sha, fma

Memory: 4k page, system-wide physical 7834M (384M free)
TotalPageFile size 16698M (AvailPageFile size 5M)
current process WorkingSet (physical memory assigned to process): 314M, peak: 314M
current process commit charge ("private bytes"): 359M, peak: 360M

vm_info: OpenJDK 64-Bit Server VM (11.0.12+7-b1504.28-7817840) for windows-amd64 JRE (11.0.12+7-b1504.28-7817840), built on Oct 13 2021 22:12:33 by "builder" with MS VC++ 14.0 (VS2015)

END.
